<texmap>
	<area file="gui_01.png" name="panel_strip" bounds="0,0,320,91" />
	<area file="gui_01.png" name="coin" bounds="83,153,20,30" />
	<area file="gui_01.png" name="no_money" bounds="77,272,60,22" />
	<area file="gui_01.png" name="color_strip" bounds="0,92,172,60" />
	<area file="gui_01.png" name="color_strip_hit" bounds="4,99,160,50" />
	<area file="gui_01.png" name="preview_btn" bounds="173,92,49,49" />
	<area file="gui_01.png" name="palette_btn" bounds="165,174,63,50" />
	<area file="gui_01.png" name="splash_body" bounds="299,325,196,218" />
	<area file="gui_01.png" name="splash_tail" bounds="271,368,28,170" />
	<area file="gui_01.png" name="fail_icon" bounds="245,178,27,30" />
	<area file="gui_01.png" name="padlock" bounds="104,164,40,57" />
	<area file="gui_01.png" name="lvl_resolved" bounds="163,239,54,55" />
	<area file="gui_01.png" name="splash_bg" bounds="0,544,320,480" />
	<area file="gui_01.png" name="main_menu_bg" bounds="320,544,320,480" />
	<area file="gui_01.png" name="select_img_menu_bg" bounds="640,544,320,480" />
	<area file="gui_01.png" name="img_bg" bounds="77,294,194,246" />
	<area file="gui_01.png" name="mm_play_game_btn" bounds="753,0,132,123" />
	<area file="gui_01.png" name="mm_play_game_down_btn" bounds="888,0,135,134" />
	<area file="gui_01.png" name="mm_free_play_btn" bounds="753,134,126,116" />
	<area file="gui_01.png" name="mm_free_play_down_btn" bounds="888,135,130,121" />
	<area file="gui_01.png" name="mm_options_btn" bounds="753,257,125,118" />
	<area file="gui_01.png" name="mm_options_down_btn" bounds="888,257,123,127" />
	<area file="gui_01.png" name="mm_credits_btn" bounds="753,383,130,122" />
	<area file="gui_01.png" name="mm_credits_down_btn" bounds="888,383,132,133" />
	<area file="gui_01.png" name="mm_home_page_btn" bounds="753,517,125,117" />
	<area file="gui_01.png" name="mm_home_page_down_btn" bounds="888,517,132,124" />
	<area file="gui_01.png" name="play_again_btn" bounds="320,0,83,88" />
	<area file="gui_01.png" name="play_again_down_btn" bounds="320,89,84,95" />
	<area file="gui_01.png" name="play_again_fail_btn" bounds="572,185,83,88" />
	<area file="gui_01.png" name="play_again_fail_down_btn" bounds="572,273,84,95" />
	<area file="gui_01.png" name="next_level_btn" bounds="486,0,83,87" />
	<area file="gui_01.png" name="next_level_down_btn" bounds="488,91,84,94" />
	<area file="gui_01.png" name="back_to_menu_btn" bounds="403,0,83,88" />
	<area file="gui_01.png" name="back_to_menu_down_btn" bounds="404,89,84,94" />
	<area file="gui_01.png" name="back_to_menu_fail_btn" bounds="655,185,83,88" />
	<area file="gui_01.png" name="back_to_menu_fail_down_btn" bounds="656,273,84,94" />
	<area file="gui_01.png" name="back_btn" bounds="569,0,83,88" />
	<area file="gui_01.png" name="back_down_btn" bounds="572,89,84,95" />
	<area file="gui_01.png" name="return_to_game_btn" bounds="375,188,97,87" />
	<area file="gui_01.png" name="return_to_game_down_btn" bounds="474,188,97,94" />
	<area file="gui_01.png" name="options_btn" bounds="652,0,83,89" />
	<area file="gui_01.png" name="options_down_btn" bounds="656,89,84,95" />
	<area file="gui_01.png" name="opt_minus" bounds="640,666,46,43" />
	<area file="gui_01.png" name="opt_minus_down" bounds="686,664,47,45" />
	<area file="gui_01.png" name="opt_plus" bounds="733,666,46,43" />
	<area file="gui_01.png" name="opt_plus_down" bounds="779,664,47,45" />
	<area file="gui_01.png" name="opt_volume_1" bounds="786,715,30,64" />
	<area file="gui_01.png" name="opt_volume_2" bounds="816,715,32,64" />
	<area file="gui_01.png" name="opt_volume_3" bounds="848,715,33,64" />
	<area file="gui_01.png" name="opt_volume_4" bounds="881,715,35,64" />
	<area file="gui_01.png" name="opt_volume_5" bounds="916,715,36,64" />
	<area file="gui_01.png" name="opt_music_icon" bounds="720,709,66,72" />
	<area file="gui_01.png" name="opt_sound_icon" bounds="640,709,80,70" />
	<area file="gui_01.png" name="pause" bounds="0,158,44,40" />
	<area file="gui_01.png" name="pause_down" bounds="0,202,45,43" />
	<area file="gui_01.png" name="yes" bounds="0,249,48,44" />
	<area file="gui_01.png" name="yes_down" bounds="0,296,49,47" />
	<area file="gui_01.png" name="no" bounds="0,346,48,44" />
	<area file="gui_01.png" name="no_down" bounds="0,393,49,47" />
	<area file="gui_01.png" name="msgbox_bg" bounds="640,780,300,244" />
	<area file="gui_02.png" name="leader" bounds="0,845,97,88" />
	<area file="gui_02.png" name="leader_down" bounds="0,933,101,92" />
	<area file="gui_02.png" name="ach" bounds="102,845,107,87" />
	<area file="gui_02.png" name="ach_down" bounds="102,932,111,91" />
	<area file="gui_02.png" name="summary_bg_1" bounds="0,0,154,474" />
	<area file="gui_02.png" name="summary_bg_2" bounds="154,0,172,548" />
	<area file="gui_02.png" name="summary_bg_3" bounds="326,0,320,480" />
	<area file="gui_02.png" name="summary_img_bg" bounds="705,0,319,315" />
	<area file="gui_02.png" name="summary_stats_bg" bounds="474,728,230,179" />
	<area file="gui_02.png" name="victory" bounds="766,494,257,268" />
	<area file="gui_02.png" name="failed;(" bounds="743,762,280,102" />
	<area file="gui_02.png" name="lvl_info_bg" bounds="704,865,320,90" />
	<area file="gui_02.png" name="new_record" bounds="401,966,130,58" />
	<area file="gui_03.png" name="tut_intro" bounds="250,497,320,480" />
	<area file="gui_03.png" name="tut_four_colors" bounds="0,0,260,305" />
	<area file="gui_03.png" name="tut_preview" bounds="260,0,254,241" />
	<area file="gui_03.png" name="tut_credits" bounds="514,0,254,327" />
	<area file="gui_03.png" name="tut_fail" bounds="768,0,210,150" />
	<area file="gui_03.png" name="tut_fail_counter" bounds="0,305,217,286" />
	<area file="gui_03.png" name="tut_palette" bounds="217,305,188,191" />
	<area file="gui_03.png" name="tut_zoom_move" bounds="405,328,198,125" />
	<area file="gui_03.png" name="tut_points" bounds="0,591,250,339" />
	<area file="gui_03.png" name="tut_tutorial_ribbon" bounds="768,150,131,131" />
	<area file="gui_02.png" name="drop_body" bounds="210,960,128,64" />	
	<area file="gui_02.png" name="drop_shiny" bounds="209,902,122,58" />
	<area file="gui_02.png" name="bonus_5_row" bounds="0,551,147,98" />
	<area file="gui_02.png" name="bonus_10_row" bounds="0,649,147,98" />
	<area file="gui_02.png" name="bonus_20_row" bounds="0,747,147,98" />
	<area file="gui_01.png" name="double_points" bounds="138,273,25,20" />
	<area file="gui_01.png" name="logo_pixel" bounds="640,599,65,65" />
	<area file="gui_02.png" name="get_ready" bounds="752,970,272,54" />
	<area file="gui_02.png" name="go" bounds="531,907,173,117" />
	<area file="gui_02.png" name="view_bg" bounds="704,0,320,480" />
</texmap>